<?xml version="1.0" encoding="UTF-8"?>
<TestRun id="2e58bd6d-a825-48dd-914e-595c236bc84d" name="vers01@VERS01-W764 2012-02-29 16:28:01" runUser="CSGOMA\vers01" xmlns="http://microsoft.com/schemas/VisualStudio/TeamTest/2010">
  <TestSettings name="Local" id="3f75c7e0-fa2f-424c-8bbf-54f53cefcfd3">
    <Description>These are default test settings for a local test run.</Description>
    <Deployment enabled="false" runDeploymentRoot="vers01_VERS01-W764 2012-02-29 16_28_01">
      <DeploymentItem filename="D:\Projects\ShiftBriteArduino\Library\Moq.4.0.10827\NET40\Moq.dll" />
    </Deployment>
    <Execution>
      <TestTypeSpecific />
      <AgentRule name="Execution Agents">
      </AgentRule>
    </Execution>
  </TestSettings>
  <Times creation="2012-02-29T16:28:01.6004847-06:00" queuing="2012-02-29T16:28:03.1344847-06:00" start="2012-02-29T16:28:03.2524847-06:00" finish="2012-02-29T16:28:04.0384847-06:00" />
  <ResultSummary outcome="Completed">
    <Counters total="1" executed="1" passed="1" error="0" failed="0" timeout="0" aborted="0" inconclusive="0" passedButRunAborted="0" notRunnable="0" notExecuted="0" disconnected="0" warning="0" completed="0" inProgress="0" pending="0" />
  </ResultSummary>
  <TestDefinitions>
    <UnitTest name="LatchPullsLatchOutputHighAndLow" storage="d:\projects\shiftbritearduino\shiftbritearduino.unittest\bin\debug\shiftbritearduinotest.dll" id="db18275d-0ec8-737b-1864-503864bbb17e">
      <Execution id="76c3018f-d4e4-4837-b2e2-6e84e7eb064e" />
      <TestMethod codeBase="D:/Projects/ShiftBriteArduino/ShiftBriteArduino.UnitTest/bin/Debug/ShiftBriteArduinoTest.DLL" adapterTypeName="Microsoft.VisualStudio.TestTools.TestTypes.Unit.UnitTestAdapter, Microsoft.VisualStudio.QualityTools.Tips.UnitTest.Adapter, Version=10.0.0.0, Culture=neutral, PublicKeyToken=b03f5f7f11d50a3a" className="ShiftBriteArduino.UnitTest.PortManagerTestFixture, ShiftBriteArduinoTest, Version=1.0.0.0, Culture=neutral, PublicKeyToken=null" name="LatchPullsLatchOutputHighAndLow" />
    </UnitTest>
  </TestDefinitions>
  <TestLists>
    <TestList name="Results Not in a List" id="8c84fa94-04c1-424b-9868-57a2d4851a1d" />
    <TestList name="All Loaded Results" id="19431567-8539-422a-85d7-44ee4e166bda" />
  </TestLists>
  <TestEntries>
    <TestEntry testId="db18275d-0ec8-737b-1864-503864bbb17e" executionId="76c3018f-d4e4-4837-b2e2-6e84e7eb064e" testListId="8c84fa94-04c1-424b-9868-57a2d4851a1d" />
  </TestEntries>
  <Results>
    <UnitTestResult executionId="76c3018f-d4e4-4837-b2e2-6e84e7eb064e" testId="db18275d-0ec8-737b-1864-503864bbb17e" testName="LatchPullsLatchOutputHighAndLow" computerName="VERS01-W764" duration="00:00:00.1979018" startTime="2012-02-29T16:28:03.3034847-06:00" endTime="2012-02-29T16:28:03.8984847-06:00" testType="13cdc9d9-ddb5-4fa4-a97d-d965ccfc6d4b" outcome="Passed" testListId="8c84fa94-04c1-424b-9868-57a2d4851a1d" relativeResultsDirectory="76c3018f-d4e4-4837-b2e2-6e84e7eb064e">
    </UnitTestResult>
  </Results>
</TestRun>